// Jest Snapshot v1, https://goo.gl/fbAQLP

exports[`<MainSection /> should render and match the snapshot 1`] = `
<div
  className="Wrapper-sc-1hjyhky-0 kVAarz"
>
  <div
    className="custom_container"
  >
    <div
      className="container-fluid"
    >
      <div
        className="main_section"
      >
        <h4>
          <span>
            Hi Li Jordan, good morning
          </span>
        </h4>
        <ul
          className="top_links"
        >
          <li>
            <a
              className="link"
              href="/my_profile"
              onClick={[Function]}
            >
              <span>
                My Profile
              </span>
            </a>
          </li>
          <li>
            <a
              className="link"
              href="/courses_list"
              onClick={[Function]}
            >
              <span>
                My Courses
              </span>
            </a>
          </li>
          <li>
            <div
              className="dropdown"
              onKeyDown={[Function]}
            >
              <button
                aria-expanded={false}
                aria-haspopup={true}
                aria-label={null}
                className="dropdown-toggle btn btn-secondary"
                onClick={[Function]}
                type="button"
              >
                Add Category
              </button>
              <div
                aria-hidden={true}
                className="dropdown-menu"
                role="menu"
                tabIndex="-1"
              >
                <button
                  className="dropdown-item"
                  onClick={[Function]}
                  role="menuitem"
                  tabIndex="0"
                  type="button"
                >
                  <a
                    className="dropdown_link"
                    href="/add_course"
                    onClick={[Function]}
                  >
                    <span>
                      Add Courses
                    </span>
                  </a>
                </button>
                <button
                  className="dropdown-item"
                  onClick={[Function]}
                  role="menuitem"
                  tabIndex="0"
                  type="button"
                >
                  <a
                    className="dropdown_link"
                    href="/add_webinar"
                    onClick={[Function]}
                  >
                    <span>
                      Add Webinar
                    </span>
                  </a>
                </button>
                <button
                  className="dropdown-item"
                  onClick={[Function]}
                  role="menuitem"
                  tabIndex="0"
                  type="button"
                >
                  <a
                    className="dropdown_link"
                    href="/add_bootcamp"
                    onClick={[Function]}
                  >
                    <span>
                      Add BootCamp
                    </span>
                  </a>
                </button>
                <button
                  className="dropdown-item"
                  onClick={[Function]}
                  role="menuitem"
                  tabIndex="0"
                  type="button"
                >
                  <a
                    className="dropdown_link"
                    href="/add_hackathon"
                    onClick={[Function]}
                  >
                    <span>
                      Add Hackathon
                    </span>
                  </a>
                </button>
                <button
                  className="dropdown-item"
                  onClick={[Function]}
                  role="menuitem"
                  tabIndex="0"
                  type="button"
                >
                  <a
                    className="dropdown_link"
                    href="/"
                    onClick={[Function]}
                  >
                    <span>
                      Add Events
                    </span>
                  </a>
                </button>
                <button
                  className="dropdown-item"
                  onClick={[Function]}
                  role="menuitem"
                  tabIndex="0"
                  type="button"
                >
                  <a
                    className="dropdown_link"
                    href="/"
                    onClick={[Function]}
                  >
                    <span>
                      Add Articles
                    </span>
                  </a>
                </button>
              </div>
            </div>
          </li>
        </ul>
        <div
          className="main_links"
        >
          <a
            href="/webinars_list"
            onClick={[Function]}
          >
            <span>
              Webinars
            </span>
          </a>
          <a
            href="/bootcamp_list"
            onClick={[Function]}
          >
            <span>
              BootCamp
            </span>
          </a>
          <a
            href="/"
            onClick={[Function]}
          >
            <span>
              Live Webinars
            </span>
          </a>
          <a
            href="/hackathon_list"
            onClick={[Function]}
          >
            <span>
              Hackathon
            </span>
          </a>
          <a
            href="/"
            onClick={[Function]}
          >
            <span>
              Free Gifts & Rewards
            </span>
          </a>
        </div>
        <div
          className="stats"
        >
          <div
            className="row"
          >
            <div
              className="col-12 col-sm-6 col-md-6 col-lg-3"
            >
              <div
                className="single_item"
              >
                <h2>
                  510$
                </h2>
                <span
                  className="vl"
                />
                <p>
                  <span>
                    Total Revenue
                  </span>
                </p>
              </div>
            </div>
            <div
              className="col-12 col-sm-6 col-md-6 col-lg-3"
            >
              <div
                className="single_item"
              >
                <h2>
                  40+
                </h2>
                <span />
                <p>
                  <span>
                    Webinars
                  </span>
                </p>
              </div>
            </div>
            <div
              className="col-12 col-sm-6 col-md-6 col-lg-3"
            >
              <div
                className="single_item"
              >
                <h2>
                  25+
                </h2>
                <span />
                <p>
                  <span>
                    Courses
                  </span>
                </p>
              </div>
            </div>
            <div
              className="col-12 col-sm-6 col-md-6 col-lg-3"
            >
              <div
                className="single_item"
              >
                <h2>
                  510$
                </h2>
                <span />
                <p>
                  <span>
                    Events
                  </span>
                </p>
              </div>
            </div>
          </div>
        </div>
      </div>
    </div>
  </div>
</div>
`;
