// Jest Snapshot v1, https://goo.gl/fbAQLP

exports[` MainServices /> should render and match the snapshot 1`] = `
<div
  className="Wrapper-sc-1kq3mca-0 kcqEoT"
  id="services"
>
  <div
    className="container-xl"
  >
    <div
      className="row"
    >
      <div
        className="col-12 col-sm-6 col-md-3 col-lg-3"
      >
        <a
          className="single_item"
          href="/accredited_education_list"
          onClick={[Function]}
        >
          <img
            alt="Accredited Education"
            src="IMAGE_MOCK"
          />
          <h5>
            <span>
              Accredited Education
            </span>
          </h5>
          <p>
            <span>
              Lorem ipsum vitea eros dictum, gravida massa id, pellentesque est.
            </span>
          </p>
        </a>
      </div>
      <div
        className="col-12 col-sm-6 col-md-3 col-lg-3"
      >
        <a
          className="single_item"
          href="/live_webinars_list"
          onClick={[Function]}
        >
          <img
            alt="Live Webinars"
            src="IMAGE_MOCK"
          />
          <h5>
            <span>
              Live Webinars
            </span>
          </h5>
          <p>
            <span>
              Lorem ipsum vitea eros dictum, gravida massa id, pellentesque est.
            </span>
          </p>
        </a>
      </div>
      <div
        className="col-12 col-sm-6 col-md-3 col-lg-3"
      >
        <a
          className="single_item"
          href="/login"
          onClick={[Function]}
        >
          <img
            alt="Goal Based Education"
            src="IMAGE_MOCK"
          />
          <h5>
            <span>
              Goal Based Education
            </span>
          </h5>
          <p>
            <span>
              Lorem ipsum vitea eros dictum, gravida massa id, pellentesque est.
            </span>
          </p>
        </a>
      </div>
      <div
        className="col-12 col-sm-6 col-md-3 col-lg-3"
      >
        <a
          className="single_item"
          href="/features"
          onClick={[Function]}
        >
          <img
            alt="Free Gifts &amp; Rewards"
            src="IMAGE_MOCK"
          />
          <h5>
            <span>
              Free Gifts & Rewards
            </span>
          </h5>
          <p>
            <span>
              Lorem ipsum vitea eros dictum, gravida massa id, pellentesque est.
            </span>
          </p>
        </a>
      </div>
    </div>
  </div>
</div>
`;
