// Jest Snapshot v1, https://goo.gl/fbAQLP

exports[`SignupPage /> should render its heading 1`] = `
<div
  class="registration_page"
>
  <div
    class="form_container"
  >
    <div
      class="form_content"
    >
      <h2>
        <span>
          Create an account
        </span>
      </h2>
      <div
        class="form"
      >
        <div
          class="form-group"
        >
          <label
            class=""
            for="email"
          >
            <span>
              Email Address
            </span>
          </label>
          <input
            class="form-control"
            id="email"
            name="email"
            placeholder="Your email"
            type="email"
          />
        </div>
        <div
          class="row"
        >
          <div
            class="col-sm-12 col-md-6 col-lg-6"
          >
            <div
              class="form-group"
            >
              <label
                class=""
                for="name"
              >
                <span>
                  First Name
                </span>
              </label>
              <input
                class="form-control"
                id="name"
                name="name"
                placeholder="First name"
                type="text"
              />
            </div>
          </div>
          <div
            class="col-sm-12 col-md-6 col-lg-6"
          >
            <div
              class="form-group"
            >
              <label
                class=""
                for="name"
              >
                <span>
                  Last Name
                </span>
              </label>
              <input
                class="form-control"
                id="name"
                name="name"
                placeholder="Last name"
                type="text"
              />
            </div>
          </div>
        </div>
        <div
          class="col-sm-12 col-md-12 col-lg-12"
        >
          <div
            class="form-group"
          >
            <label
              class=""
              for="select"
            >
              <span>
                Select Type
              </span>
            </label>
            <select
              class="form-control"
              id="select"
              name="select"
            >
              <option>
                Type 1
              </option>
              <option>
                Type 2
              </option>
              <option>
                Type 3
              </option>
              <option>
                Type 4
              </option>
              <option>
                Type 5
              </option>
            </select>
          </div>
        </div>
        <div
          class="form-group"
        >
          <label
            class=""
            for="password"
          >
            <span>
              Create Password
            </span>
          </label>
          <input
            class="form-control"
            id="createpassword"
            name="createpassword"
            placeholder="******"
            type="password"
          />
        </div>
        <div
          class="form-group"
        >
          <label
            class=""
            for="password"
          >
            <span>
              Confirm Password
            </span>
          </label>
          <input
            class="form-control"
            id="confirmpassword"
            name="confirmpassword"
            placeholder="******"
            type="password"
          />
        </div>
        
        <button
          class="btn btn-secondary"
          type="button"
        >
          <span>
            Sign up
          </span>
        </button>
        <div
          class="reg_footer"
        >
          <p>
            <span>
              Already have account?
            </span>
             
            <a
              href="/login"
            >
              <span>
                Log in
              </span>
            </a>
          </p>
        </div>
      </div>
    </div>
  </div>
  <div
    class="img_container"
  />
</div>
`;
