// Jest Snapshot v1, https://goo.gl/fbAQLP

exports[`<ArticleImage /> should render and match the snapshot 1`] = `
<div
  className="row"
>
  <div
    className="col-lg-12"
  >
    <div
      className="Wrapper-kjalue-0 dfGJuI"
    >
      <img
        alt="Article"
        src="IMAGE_MOCK"
      />
    </div>
  </div>
</div>
`;
