// Jest Snapshot v1, https://goo.gl/fbAQLP

exports[`<Footer /> should render and match the snapshot 1`] = `
<footer
  className="Wrapper-sc-1bih6q9-0 gtHhoj"
>
  <h2>
    More courses for you
  </h2>
  <div
    className="row"
  >
    <div
      className="col-md-6"
    >
      <div
        className="card"
      >
        <img
          alt="CardCap"
          className="card-img-top"
          src="IMAGE_MOCK"
        />
        <div
          className="card-body"
        >
          <h5
            className="card-title"
          >
            The Complete Android N Developer Course
          </h5>
          <ul
            className="list-unstyled cardList"
          >
            <li>
              <img
                alt="CardIcon"
                src="IMAGE_MOCK"
              />
              Advance
            </li>
            <li>
              <img
                alt="CardIcon"
                src="IMAGE_MOCK"
              />
              14
            </li>
            <li>
              <img
                alt="CardIcon"
                src="IMAGE_MOCK"
              />
              5.0
            </li>
          </ul>
        </div>
        <div
          className="card-footer"
        >
          <div
            className="price"
          >
            <h4>
              $19.00
            </h4>
          </div>
          <div
            className="addCart"
          >
            <button
              className="btn btn-default"
              type="button"
            >
              <img
                alt="Cart"
                src="IMAGE_MOCK"
              />
              Add to cart
            </button>
          </div>
        </div>
      </div>
    </div>
    <div
      className="col-md-6"
    >
      <div
        className="card"
      >
        <img
          alt="CardCap"
          className="card-img-top"
          src="IMAGE_MOCK"
        />
        <div
          className="card-body"
        >
          <h5
            className="card-title"
          >
            The Complete Android N Developer Course
          </h5>
          <ul
            className="list-unstyled cardList"
          >
            <li>
              <img
                alt="CardIcon"
                src="IMAGE_MOCK"
              />
              Advance
            </li>
            <li>
              <img
                alt="CardIcon"
                src="IMAGE_MOCK"
              />
              14
            </li>
            <li>
              <img
                alt="CardIcon"
                src="IMAGE_MOCK"
              />
              5.0
            </li>
          </ul>
        </div>
        <div
          className="card-footer"
        >
          <div
            className="price"
          >
            <h4>
              $19.00
            </h4>
          </div>
          <div
            className="addCart"
          >
            <button
              className="btn btn-default"
              type="button"
            >
              <img
                alt="Cart"
                src="IMAGE_MOCK"
              />
              Add to cart
            </button>
          </div>
        </div>
      </div>
    </div>
  </div>
</footer>
`;
