// Jest Snapshot v1, https://goo.gl/fbAQLP

exports[`<AddCourse /> should render and match the snapshot 1`] = `
<div
  className="Wrapper-t3d9zf-0 htGZJq"
>
  <div
    className="container-fluid"
  >
    <div
      className="add_forms"
    >
      <h4>
        <span>
          Add Course
        </span>
      </h4>
      <p>
        <span>
          All fileds marked with are mandatory
        </span>
      </p>
      <div
        className="add_form"
      >
        <div
          className="row"
        >
          <div
            className="col-12 col-sm-6 col-md-6 col-lg-4"
          >
            <div
              className="form-group"
            >
              <label
                className=""
                htmlFor="maintitle"
              >
                <span>
                  Main Title
                </span>
              </label>
              <input
                className="form-control"
                id="maintitle"
                name="maintitle"
                placeholder="Course title"
                type="text"
              />
            </div>
          </div>
          <div
            className="col-12 col-sm-6 col-md-6 col-lg-4"
          >
            <div
              className="form-group"
            >
              <label
                className=""
                htmlFor="subtitle"
              >
                <span>
                  Sub Title
                </span>
              </label>
              <input
                className="form-control"
                id="subtitle"
                name="subtitle"
                placeholder="Sub title"
                type="text"
              />
            </div>
          </div>
          <div
            className="col-12 col-sm-6 col-md-6 col-lg-4"
          >
            <div
              className="form-group"
            >
              <label
                className=""
                htmlFor="uploadimage"
              >
                <span>
                  Upload Image
                </span>
              </label>
              <input
                className="form-control-file"
                id="uploadimage"
                name="uploadimage"
                placeholder="Upload Image"
                type="file"
              />
            </div>
          </div>
          <div
            className="col-12 col-sm-6 col-md-6 col-lg-4"
          >
            <div
              className="form-group"
            >
              <label
                className=""
                htmlFor="courselanguage"
              >
                <span>
                  Course Language
                </span>
              </label>
              <input
                className="form-control"
                id="courselanguage"
                name="courselanguage"
                placeholder="Course Language"
                type="text"
              />
            </div>
          </div>
          <div
            className="col-12 col-sm-6 col-md-6 col-lg-4"
          >
            <div
              className="form-group"
            >
              <label
                className=""
                htmlFor="price"
              >
                <span>
                  Price
                </span>
              </label>
              <input
                className="form-control"
                id="price"
                name="price"
                placeholder="CoursePrice"
                type="text"
              />
            </div>
          </div>
          <div
            className="col-12 col-sm-6 col-md-6 col-lg-4"
          >
            <div
              className="form-group"
            >
              <label
                className=""
                htmlFor="category"
              >
                <span>
                  Category
                </span>
              </label>
              <input
                className="form-control"
                id="category"
                name="category"
                placeholder="Category"
                type="text"
              />
            </div>
          </div>
          <div
            className="col-12 col-sm-12 col-md-12 col-lg-12"
          >
            <div
              className="form-group"
            >
              <label
                className=""
                htmlFor="description"
              >
                <span>
                  Description
                </span>
              </label>
              <textarea />
            </div>
          </div>
        </div>
      </div>
    </div>
    <div
      className="add_forms"
    >
      <h4>
        <span>
          Lecture
        </span>
      </h4>
      <p>
        <span>
          All fileds marked with are mandatory
        </span>
      </p>
      <div
        className="add_form"
      >
        <div
          className="row"
        >
          <div
            className="col-12 col-sm-6 col-md-6 col-lg-4"
          >
            <div
              className="form-group"
            >
              <label
                className=""
                htmlFor="lec_title"
              >
                <span>
                  Lecture Title
                </span>
              </label>
              <input
                className="form-control"
                id="lec_title"
                name="title"
                placeholder="Lecture title"
                type="text"
              />
            </div>
          </div>
          <div
            className="col-12 col-sm-6 col-md-6 col-lg-4"
          >
            <div
              className="form-group"
            >
              <label
                className=""
                htmlFor="sub_title"
              >
                <span>
                  Sub Title
                </span>
              </label>
              <input
                className="form-control"
                id="sub_title"
                name="title"
                placeholder="Sub title"
                type="text"
              />
            </div>
          </div>
          <div
            className="col-12 col-sm-6 col-md-6 col-lg-4"
          >
            <div
              className="form-group"
            >
              <label
                className=""
                htmlFor="uploadvideo"
              >
                <span>
                  Lecture Video
                </span>
              </label>
              <input
                className="form-control-file"
                id="uploadvideo"
                name="uploadvideo"
                placeholder="Upload Video"
                type="file"
              />
            </div>
          </div>
          <div
            className="col-12 col-sm-12 col-md-12 col-lg-12"
          >
            <div
              className="form-group"
            >
              <label
                className=""
                htmlFor="description"
              >
                <span>
                  Description
                </span>
              </label>
              <textarea />
            </div>
          </div>
        </div>
      </div>
    </div>
    <div
      className="form_footer"
    >
      <div
        className="row"
      >
        <div
          className="col-lg-12"
        >
          <div
            className="top_btns"
          >
            <button
              aria-label={null}
              className="btn_add btn btn-secondary"
              onClick={[Function]}
            >
              <span>
                Add
              </span>
            </button>
            <button
              aria-label={null}
              className="btn_del btn btn-secondary"
              onClick={[Function]}
            >
              <span>
                Delete
              </span>
            </button>
          </div>
        </div>
        <div
          className="col-lg-12"
        >
          <div
            className="bottom_btns"
          >
            <button
              aria-label={null}
              className="btn_save btn btn-secondary"
              onClick={[Function]}
            >
              <span>
                Save as Draft
              </span>
            </button>
            <button
              aria-label={null}
              className="btn_submit btn btn-secondary"
              onClick={[Function]}
            >
              <span>
                Submit & Continue
              </span>
            </button>
          </div>
        </div>
      </div>
    </div>
  </div>
</div>
`;
