// Jest Snapshot v1, https://goo.gl/fbAQLP

exports[`<CoursesTable /> should render and match the snapshot 1`] = `
<div
  className="Wrapper-sc-183n9yf-0 jDaomI"
>
  <div
    className="basic_info"
  >
    <div
      className="row"
    >
      <div
        className="col-12 col-sm-12 col-md-12 col-lg-12"
      >
        <div
          className="courseMain table-responsive"
        >
          <table
            className="table tableCont"
          >
            <thead>
              <tr>
                <th
                  scope="col"
                >
                  Course Name
                </th>
                <th
                  scope="col"
                >
                  Type
                </th>
                <th
                  scope="col"
                >
                  Level
                </th>
                <th
                  scope="col"
                >
                  Fees
                </th>
                <th
                  scope="col"
                >
                  Publish Date
                </th>
                <th
                  scope="col"
                >
                  Action
                </th>
              </tr>
            </thead>
            <tbody>
              <tr>
                <td>
                  <div
                    className="courseName"
                  >
                    <div
                      className="courseImg"
                    >
                      <img
                        alt="TableImg"
                        src="IMAGE_MOCK"
                      />
                    </div>
                    <div
                      className="courseTitle"
                    >
                      <h4>
                        The Web Developer BootCamp
                      </h4>
                    </div>
                  </div>
                </td>
                <td>
                  Web Development
                </td>
                <td>
                  All Level
                </td>
                <td>
                  $44.99
                </td>
                <td>
                  10/07/2021
                </td>
                <td>
                  <div
                    className="tableIcons"
                  >
                    <span>
                      <svg
                        fill="none"
                        height="1em"
                        stroke="currentColor"
                        strokeLinecap="round"
                        strokeLinejoin="round"
                        strokeWidth="2"
                        style={
                          Object {
                            "color": undefined,
                          }
                        }
                        viewBox="0 0 24 24"
                        width="1em"
                        xmlns="http://www.w3.org/2000/svg"
                      >
                        <path
                          d="M12 20h9"
                        />
                        <path
                          d="M16.5 3.5a2.121 2.121 0 0 1 3 3L7 19l-4 1 1-4L16.5 3.5z"
                        />
                      </svg>
                       
                    </span>
                    <span>
                      <svg
                        fill="currentColor"
                        height="1em"
                        stroke="currentColor"
                        strokeWidth="0"
                        style={
                          Object {
                            "color": undefined,
                          }
                        }
                        viewBox="0 0 24 24"
                        width="1em"
                        xmlns="http://www.w3.org/2000/svg"
                      >
                        <g>
                          <path
                            d="M0 0h24v24H0z"
                            fill="none"
                          />
                          <path
                            d="M17 6h5v2h-2v13a1 1 0 0 1-1 1H5a1 1 0 0 1-1-1V8H2V6h5V3a1 1 0 0 1 1-1h8a1 1 0 0 1 1 1v3zm1 2H6v12h12V8zM9 4v2h6V4H9z"
                          />
                        </g>
                      </svg>
                    </span>
                  </div>
                </td>
              </tr>
              <tr>
                <td>
                  <div
                    className="courseName"
                  >
                    <div
                      className="courseImg"
                    >
                      <img
                        alt="TableImg"
                        src="IMAGE_MOCK"
                      />
                    </div>
                    <div
                      className="courseTitle"
                    >
                      <h4>
                        ios & Swidt - The Completesidjvind
                      </h4>
                    </div>
                  </div>
                </td>
                <td>
                  Web Development
                </td>
                <td>
                  All Level
                </td>
                <td>
                  $44.99
                </td>
                <td>
                  10/07/2021
                </td>
                <td>
                  <div
                    className="tableIcons"
                  >
                    <span>
                      <svg
                        fill="none"
                        height="1em"
                        stroke="currentColor"
                        strokeLinecap="round"
                        strokeLinejoin="round"
                        strokeWidth="2"
                        style={
                          Object {
                            "color": undefined,
                          }
                        }
                        viewBox="0 0 24 24"
                        width="1em"
                        xmlns="http://www.w3.org/2000/svg"
                      >
                        <path
                          d="M12 20h9"
                        />
                        <path
                          d="M16.5 3.5a2.121 2.121 0 0 1 3 3L7 19l-4 1 1-4L16.5 3.5z"
                        />
                      </svg>
                       
                    </span>
                    <span>
                      <svg
                        fill="currentColor"
                        height="1em"
                        stroke="currentColor"
                        strokeWidth="0"
                        style={
                          Object {
                            "color": undefined,
                          }
                        }
                        viewBox="0 0 24 24"
                        width="1em"
                        xmlns="http://www.w3.org/2000/svg"
                      >
                        <g>
                          <path
                            d="M0 0h24v24H0z"
                            fill="none"
                          />
                          <path
                            d="M17 6h5v2h-2v13a1 1 0 0 1-1 1H5a1 1 0 0 1-1-1V8H2V6h5V3a1 1 0 0 1 1-1h8a1 1 0 0 1 1 1v3zm1 2H6v12h12V8zM9 4v2h6V4H9z"
                          />
                        </g>
                      </svg>
                    </span>
                  </div>
                </td>
              </tr>
              <tr>
                <td>
                  <div
                    className="courseName"
                  >
                    <div
                      className="courseImg"
                    >
                      <img
                        alt="TableImg"
                        src="IMAGE_MOCK"
                      />
                    </div>
                    <div
                      className="courseTitle"
                    >
                      <h4>
                        The Web Developer BootCamp
                      </h4>
                    </div>
                  </div>
                </td>
                <td>
                  Web Development
                </td>
                <td>
                  All Level
                </td>
                <td>
                  $44.99
                </td>
                <td>
                  10/07/2021
                </td>
                <td>
                  <div
                    className="tableIcons"
                  >
                    <span>
                      <svg
                        fill="none"
                        height="1em"
                        stroke="currentColor"
                        strokeLinecap="round"
                        strokeLinejoin="round"
                        strokeWidth="2"
                        style={
                          Object {
                            "color": undefined,
                          }
                        }
                        viewBox="0 0 24 24"
                        width="1em"
                        xmlns="http://www.w3.org/2000/svg"
                      >
                        <path
                          d="M12 20h9"
                        />
                        <path
                          d="M16.5 3.5a2.121 2.121 0 0 1 3 3L7 19l-4 1 1-4L16.5 3.5z"
                        />
                      </svg>
                       
                    </span>
                    <span>
                      <svg
                        fill="currentColor"
                        height="1em"
                        stroke="currentColor"
                        strokeWidth="0"
                        style={
                          Object {
                            "color": undefined,
                          }
                        }
                        viewBox="0 0 24 24"
                        width="1em"
                        xmlns="http://www.w3.org/2000/svg"
                      >
                        <g>
                          <path
                            d="M0 0h24v24H0z"
                            fill="none"
                          />
                          <path
                            d="M17 6h5v2h-2v13a1 1 0 0 1-1 1H5a1 1 0 0 1-1-1V8H2V6h5V3a1 1 0 0 1 1-1h8a1 1 0 0 1 1 1v3zm1 2H6v12h12V8zM9 4v2h6V4H9z"
                          />
                        </g>
                      </svg>
                    </span>
                  </div>
                </td>
              </tr>
              <tr>
                <td>
                  <div
                    className="courseName"
                  >
                    <div
                      className="courseImg"
                    >
                      <img
                        alt="TableImg"
                        src="IMAGE_MOCK"
                      />
                    </div>
                    <div
                      className="courseTitle"
                    >
                      <h4>
                        ios & Swidt - The Completesidjvind
                      </h4>
                    </div>
                  </div>
                </td>
                <td>
                  Web Development
                </td>
                <td>
                  All Level
                </td>
                <td>
                  $44.99
                </td>
                <td>
                  10/07/2021
                </td>
                <td>
                  <div
                    className="tableIcons"
                  >
                    <span>
                      <svg
                        fill="none"
                        height="1em"
                        stroke="currentColor"
                        strokeLinecap="round"
                        strokeLinejoin="round"
                        strokeWidth="2"
                        style={
                          Object {
                            "color": undefined,
                          }
                        }
                        viewBox="0 0 24 24"
                        width="1em"
                        xmlns="http://www.w3.org/2000/svg"
                      >
                        <path
                          d="M12 20h9"
                        />
                        <path
                          d="M16.5 3.5a2.121 2.121 0 0 1 3 3L7 19l-4 1 1-4L16.5 3.5z"
                        />
                      </svg>
                       
                    </span>
                    <span>
                      <svg
                        fill="currentColor"
                        height="1em"
                        stroke="currentColor"
                        strokeWidth="0"
                        style={
                          Object {
                            "color": undefined,
                          }
                        }
                        viewBox="0 0 24 24"
                        width="1em"
                        xmlns="http://www.w3.org/2000/svg"
                      >
                        <g>
                          <path
                            d="M0 0h24v24H0z"
                            fill="none"
                          />
                          <path
                            d="M17 6h5v2h-2v13a1 1 0 0 1-1 1H5a1 1 0 0 1-1-1V8H2V6h5V3a1 1 0 0 1 1-1h8a1 1 0 0 1 1 1v3zm1 2H6v12h12V8zM9 4v2h6V4H9z"
                          />
                        </g>
                      </svg>
                    </span>
                  </div>
                </td>
              </tr>
              <tr>
                <td>
                  <div
                    className="courseName"
                  >
                    <div
                      className="courseImg"
                    >
                      <img
                        alt="TableImg"
                        src="IMAGE_MOCK"
                      />
                    </div>
                    <div
                      className="courseTitle"
                    >
                      <h4>
                        The Web Developer BootCamp
                      </h4>
                    </div>
                  </div>
                </td>
                <td>
                  Web Development
                </td>
                <td>
                  All Level
                </td>
                <td>
                  $44.99
                </td>
                <td>
                  10/07/2021
                </td>
                <td>
                  <div
                    className="tableIcons"
                  >
                    <span>
                      <svg
                        fill="none"
                        height="1em"
                        stroke="currentColor"
                        strokeLinecap="round"
                        strokeLinejoin="round"
                        strokeWidth="2"
                        style={
                          Object {
                            "color": undefined,
                          }
                        }
                        viewBox="0 0 24 24"
                        width="1em"
                        xmlns="http://www.w3.org/2000/svg"
                      >
                        <path
                          d="M12 20h9"
                        />
                        <path
                          d="M16.5 3.5a2.121 2.121 0 0 1 3 3L7 19l-4 1 1-4L16.5 3.5z"
                        />
                      </svg>
                       
                    </span>
                    <span>
                      <svg
                        fill="currentColor"
                        height="1em"
                        stroke="currentColor"
                        strokeWidth="0"
                        style={
                          Object {
                            "color": undefined,
                          }
                        }
                        viewBox="0 0 24 24"
                        width="1em"
                        xmlns="http://www.w3.org/2000/svg"
                      >
                        <g>
                          <path
                            d="M0 0h24v24H0z"
                            fill="none"
                          />
                          <path
                            d="M17 6h5v2h-2v13a1 1 0 0 1-1 1H5a1 1 0 0 1-1-1V8H2V6h5V3a1 1 0 0 1 1-1h8a1 1 0 0 1 1 1v3zm1 2H6v12h12V8zM9 4v2h6V4H9z"
                          />
                        </g>
                      </svg>
                    </span>
                  </div>
                </td>
              </tr>
              <tr>
                <td>
                  <div
                    className="courseName"
                  >
                    <div
                      className="courseImg"
                    >
                      <img
                        alt="TableImg"
                        src="IMAGE_MOCK"
                      />
                    </div>
                    <div
                      className="courseTitle"
                    >
                      <h4>
                        The Web Developer BootCamp
                      </h4>
                    </div>
                  </div>
                </td>
                <td>
                  Web Development
                </td>
                <td>
                  All Level
                </td>
                <td>
                  $44.99
                </td>
                <td>
                  10/07/2021
                </td>
                <td>
                  <div
                    className="tableIcons"
                  >
                    <span>
                      <svg
                        fill="none"
                        height="1em"
                        stroke="currentColor"
                        strokeLinecap="round"
                        strokeLinejoin="round"
                        strokeWidth="2"
                        style={
                          Object {
                            "color": undefined,
                          }
                        }
                        viewBox="0 0 24 24"
                        width="1em"
                        xmlns="http://www.w3.org/2000/svg"
                      >
                        <path
                          d="M12 20h9"
                        />
                        <path
                          d="M16.5 3.5a2.121 2.121 0 0 1 3 3L7 19l-4 1 1-4L16.5 3.5z"
                        />
                      </svg>
                       
                    </span>
                    <span>
                      <svg
                        fill="currentColor"
                        height="1em"
                        stroke="currentColor"
                        strokeWidth="0"
                        style={
                          Object {
                            "color": undefined,
                          }
                        }
                        viewBox="0 0 24 24"
                        width="1em"
                        xmlns="http://www.w3.org/2000/svg"
                      >
                        <g>
                          <path
                            d="M0 0h24v24H0z"
                            fill="none"
                          />
                          <path
                            d="M17 6h5v2h-2v13a1 1 0 0 1-1 1H5a1 1 0 0 1-1-1V8H2V6h5V3a1 1 0 0 1 1-1h8a1 1 0 0 1 1 1v3zm1 2H6v12h12V8zM9 4v2h6V4H9z"
                          />
                        </g>
                      </svg>
                    </span>
                  </div>
                </td>
              </tr>
              <tr>
                <td>
                  <div
                    className="courseName"
                  >
                    <div
                      className="courseImg"
                    >
                      <img
                        alt="TableImg"
                        src="IMAGE_MOCK"
                      />
                    </div>
                    <div
                      className="courseTitle"
                    >
                      <h4>
                        The Web Developer BootCamp
                      </h4>
                    </div>
                  </div>
                </td>
                <td>
                  Web Development
                </td>
                <td>
                  All Level
                </td>
                <td>
                  $44.99
                </td>
                <td>
                  10/07/2021
                </td>
                <td>
                  <div
                    className="tableIcons"
                  >
                    <span>
                      <svg
                        fill="none"
                        height="1em"
                        stroke="currentColor"
                        strokeLinecap="round"
                        strokeLinejoin="round"
                        strokeWidth="2"
                        style={
                          Object {
                            "color": undefined,
                          }
                        }
                        viewBox="0 0 24 24"
                        width="1em"
                        xmlns="http://www.w3.org/2000/svg"
                      >
                        <path
                          d="M12 20h9"
                        />
                        <path
                          d="M16.5 3.5a2.121 2.121 0 0 1 3 3L7 19l-4 1 1-4L16.5 3.5z"
                        />
                      </svg>
                       
                    </span>
                    <span>
                      <svg
                        fill="currentColor"
                        height="1em"
                        stroke="currentColor"
                        strokeWidth="0"
                        style={
                          Object {
                            "color": undefined,
                          }
                        }
                        viewBox="0 0 24 24"
                        width="1em"
                        xmlns="http://www.w3.org/2000/svg"
                      >
                        <g>
                          <path
                            d="M0 0h24v24H0z"
                            fill="none"
                          />
                          <path
                            d="M17 6h5v2h-2v13a1 1 0 0 1-1 1H5a1 1 0 0 1-1-1V8H2V6h5V3a1 1 0 0 1 1-1h8a1 1 0 0 1 1 1v3zm1 2H6v12h12V8zM9 4v2h6V4H9z"
                          />
                        </g>
                      </svg>
                    </span>
                  </div>
                </td>
              </tr>
              <tr>
                <td>
                  <div
                    className="courseName"
                  >
                    <div
                      className="courseImg"
                    >
                      <img
                        alt="TableImg"
                        src="IMAGE_MOCK"
                      />
                    </div>
                    <div
                      className="courseTitle"
                    >
                      <h4>
                        The Web Developer BootCamp
                      </h4>
                    </div>
                  </div>
                </td>
                <td>
                  Web Development
                </td>
                <td>
                  All Level
                </td>
                <td>
                  $44.99
                </td>
                <td>
                  10/07/2021
                </td>
                <td>
                  <div
                    className="tableIcons"
                  >
                    <span>
                      <svg
                        fill="none"
                        height="1em"
                        stroke="currentColor"
                        strokeLinecap="round"
                        strokeLinejoin="round"
                        strokeWidth="2"
                        style={
                          Object {
                            "color": undefined,
                          }
                        }
                        viewBox="0 0 24 24"
                        width="1em"
                        xmlns="http://www.w3.org/2000/svg"
                      >
                        <path
                          d="M12 20h9"
                        />
                        <path
                          d="M16.5 3.5a2.121 2.121 0 0 1 3 3L7 19l-4 1 1-4L16.5 3.5z"
                        />
                      </svg>
                       
                    </span>
                    <span>
                      <svg
                        fill="currentColor"
                        height="1em"
                        stroke="currentColor"
                        strokeWidth="0"
                        style={
                          Object {
                            "color": undefined,
                          }
                        }
                        viewBox="0 0 24 24"
                        width="1em"
                        xmlns="http://www.w3.org/2000/svg"
                      >
                        <g>
                          <path
                            d="M0 0h24v24H0z"
                            fill="none"
                          />
                          <path
                            d="M17 6h5v2h-2v13a1 1 0 0 1-1 1H5a1 1 0 0 1-1-1V8H2V6h5V3a1 1 0 0 1 1-1h8a1 1 0 0 1 1 1v3zm1 2H6v12h12V8zM9 4v2h6V4H9z"
                          />
                        </g>
                      </svg>
                    </span>
                  </div>
                </td>
              </tr>
              <tr>
                <td>
                  <div
                    className="courseName"
                  >
                    <div
                      className="courseImg"
                    >
                      <img
                        alt="TableImg"
                        src="IMAGE_MOCK"
                      />
                    </div>
                    <div
                      className="courseTitle"
                    >
                      <h4>
                        The Web Developer BootCamp
                      </h4>
                    </div>
                  </div>
                </td>
                <td>
                  Web Development
                </td>
                <td>
                  All Level
                </td>
                <td>
                  $44.99
                </td>
                <td>
                  10/07/2021
                </td>
                <td>
                  <div
                    className="tableIcons"
                  >
                    <span>
                      <svg
                        fill="none"
                        height="1em"
                        stroke="currentColor"
                        strokeLinecap="round"
                        strokeLinejoin="round"
                        strokeWidth="2"
                        style={
                          Object {
                            "color": undefined,
                          }
                        }
                        viewBox="0 0 24 24"
                        width="1em"
                        xmlns="http://www.w3.org/2000/svg"
                      >
                        <path
                          d="M12 20h9"
                        />
                        <path
                          d="M16.5 3.5a2.121 2.121 0 0 1 3 3L7 19l-4 1 1-4L16.5 3.5z"
                        />
                      </svg>
                       
                    </span>
                    <span>
                      <svg
                        fill="currentColor"
                        height="1em"
                        stroke="currentColor"
                        strokeWidth="0"
                        style={
                          Object {
                            "color": undefined,
                          }
                        }
                        viewBox="0 0 24 24"
                        width="1em"
                        xmlns="http://www.w3.org/2000/svg"
                      >
                        <g>
                          <path
                            d="M0 0h24v24H0z"
                            fill="none"
                          />
                          <path
                            d="M17 6h5v2h-2v13a1 1 0 0 1-1 1H5a1 1 0 0 1-1-1V8H2V6h5V3a1 1 0 0 1 1-1h8a1 1 0 0 1 1 1v3zm1 2H6v12h12V8zM9 4v2h6V4H9z"
                          />
                        </g>
                      </svg>
                    </span>
                  </div>
                </td>
              </tr>
              <tr>
                <td>
                  <div
                    className="courseName"
                  >
                    <div
                      className="courseImg"
                    >
                      <img
                        alt="TableImg"
                        src="IMAGE_MOCK"
                      />
                    </div>
                    <div
                      className="courseTitle"
                    >
                      <h4>
                        The Web Developer BootCamp
                      </h4>
                    </div>
                  </div>
                </td>
                <td>
                  Web Development
                </td>
                <td>
                  All Level
                </td>
                <td>
                  $44.99
                </td>
                <td>
                  10/07/2021
                </td>
                <td>
                  <div
                    className="tableIcons"
                  >
                    <span>
                      <svg
                        fill="none"
                        height="1em"
                        stroke="currentColor"
                        strokeLinecap="round"
                        strokeLinejoin="round"
                        strokeWidth="2"
                        style={
                          Object {
                            "color": undefined,
                          }
                        }
                        viewBox="0 0 24 24"
                        width="1em"
                        xmlns="http://www.w3.org/2000/svg"
                      >
                        <path
                          d="M12 20h9"
                        />
                        <path
                          d="M16.5 3.5a2.121 2.121 0 0 1 3 3L7 19l-4 1 1-4L16.5 3.5z"
                        />
                      </svg>
                       
                    </span>
                    <span>
                      <svg
                        fill="currentColor"
                        height="1em"
                        stroke="currentColor"
                        strokeWidth="0"
                        style={
                          Object {
                            "color": undefined,
                          }
                        }
                        viewBox="0 0 24 24"
                        width="1em"
                        xmlns="http://www.w3.org/2000/svg"
                      >
                        <g>
                          <path
                            d="M0 0h24v24H0z"
                            fill="none"
                          />
                          <path
                            d="M17 6h5v2h-2v13a1 1 0 0 1-1 1H5a1 1 0 0 1-1-1V8H2V6h5V3a1 1 0 0 1 1-1h8a1 1 0 0 1 1 1v3zm1 2H6v12h12V8zM9 4v2h6V4H9z"
                          />
                        </g>
                      </svg>
                    </span>
                  </div>
                </td>
              </tr>
              <tr>
                <td>
                  <div
                    className="courseName"
                  >
                    <div
                      className="courseImg"
                    >
                      <img
                        alt="TableImg"
                        src="IMAGE_MOCK"
                      />
                    </div>
                    <div
                      className="courseTitle"
                    >
                      <h4>
                        The Web Developer BootCamp
                      </h4>
                    </div>
                  </div>
                </td>
                <td>
                  Web Development
                </td>
                <td>
                  All Level
                </td>
                <td>
                  $44.99
                </td>
                <td>
                  10/07/2021
                </td>
                <td>
                  <div
                    className="tableIcons"
                  >
                    <span>
                      <svg
                        fill="none"
                        height="1em"
                        stroke="currentColor"
                        strokeLinecap="round"
                        strokeLinejoin="round"
                        strokeWidth="2"
                        style={
                          Object {
                            "color": undefined,
                          }
                        }
                        viewBox="0 0 24 24"
                        width="1em"
                        xmlns="http://www.w3.org/2000/svg"
                      >
                        <path
                          d="M12 20h9"
                        />
                        <path
                          d="M16.5 3.5a2.121 2.121 0 0 1 3 3L7 19l-4 1 1-4L16.5 3.5z"
                        />
                      </svg>
                       
                    </span>
                    <span>
                      <svg
                        fill="currentColor"
                        height="1em"
                        stroke="currentColor"
                        strokeWidth="0"
                        style={
                          Object {
                            "color": undefined,
                          }
                        }
                        viewBox="0 0 24 24"
                        width="1em"
                        xmlns="http://www.w3.org/2000/svg"
                      >
                        <g>
                          <path
                            d="M0 0h24v24H0z"
                            fill="none"
                          />
                          <path
                            d="M17 6h5v2h-2v13a1 1 0 0 1-1 1H5a1 1 0 0 1-1-1V8H2V6h5V3a1 1 0 0 1 1-1h8a1 1 0 0 1 1 1v3zm1 2H6v12h12V8zM9 4v2h6V4H9z"
                          />
                        </g>
                      </svg>
                    </span>
                  </div>
                </td>
              </tr>
            </tbody>
          </table>
          <div
            className="Paginataion"
          >
            <p>
              Showing 1 to 8 of 8 entries
            </p>
          </div>
        </div>
      </div>
    </div>
  </div>
</div>
`;
