// Jest Snapshot v1, https://goo.gl/fbAQLP

exports[`ForgotPasswordPage /> should render its heading 1`] = `
<div
  class="registration_page"
>
  <div
    class="form_container"
  >
    <div
      class="form_content"
    >
      <h2>
        <span>
          Forgot Password
        </span>
      </h2>
      <div
        class="form"
      >
        <div
          class="form-group"
        >
          <label
            class=""
            for="email"
          >
            <span>
              Email Address
            </span>
          </label>
          <input
            class="form-control"
            id="email"
            name="email"
            placeholder="Your email"
            type="email"
          />
        </div>
        <button
          class="btn btn-secondary"
        >
          <span>
            Send Recovery Code
          </span>
        </button>
      </div>
    </div>
  </div>
  <div
    class="img_container"
  />
</div>
`;
