// Jest Snapshot v1, https://goo.gl/fbAQLP

exports[`<CartCheckoutSidebar /> should render and match the snapshot 1`] = `
<div
  className="row"
>
  <div
    className="col-lg-12"
  >
    <div
      className="Wrapper-sc-8on6gx-0 dvkBbM"
    >
      <div
        className="heading"
      >
        <h4>
          <span>
            Payment Details
          </span>
        </h4>
        <a
          href="/"
          onClick={[Function]}
        >
          <svg
            fill="currentColor"
            height="1em"
            stroke="currentColor"
            strokeWidth="0"
            style={
              Object {
                "color": undefined,
              }
            }
            viewBox="0 0 16 16"
            width="1em"
            xmlns="http://www.w3.org/2000/svg"
          >
            <path
              clipRule="evenodd"
              d="M7.854 4.646a.5.5 0 010 .708L5.207 8l2.647 2.646a.5.5 0 01-.708.708l-3-3a.5.5 0 010-.708l3-3a.5.5 0 01.708 0z"
              fillRule="evenodd"
            />
            <path
              clipRule="evenodd"
              d="M4.5 8a.5.5 0 01.5-.5h6.5a.5.5 0 010 1H5a.5.5 0 01-.5-.5z"
              fillRule="evenodd"
            />
          </svg>
        </a>
      </div>
      <p>
        <span>
          Complete your purchase by providing your payment details.
        </span>
      </p>
      <div
        className="form-group"
      >
        <label
          className=""
          htmlFor="email"
        >
          <span>
            Email Address
          </span>
        </label>
        <input
          className="form-control"
          id="email"
          name="email"
          placeholder="Enter email"
          type="email"
        />
      </div>
      <fieldset
        className="form-group"
      >
        <div
          className="form-check"
        >
          <label
            className="form-check-label"
          >
            <input
              className="form-check-input"
              name="radio1"
              type="radio"
            />
            <span>
              Credit Card / Visa Card
            </span>
          </label>
          <div
            className="icon"
          >
            <img
              alt="Master card"
              src="IMAGE_MOCK"
            />
          </div>
        </div>
        <div
          className="form-check"
        >
          <label
            className="form-check-label"
          >
            <input
              className="form-check-input"
              name="radio1"
              onChange={[Function]}
              type="radio"
            />
            <span>
              PayPal
            </span>
          </label>
          <div
            className="icon"
          >
            <img
              alt="Paypal"
              src="IMAGE_MOCK"
            />
          </div>
        </div>
      </fieldset>
      <div
        className="paypal"
      >
        <p>
          <span>
            In order to complete your transaction, we will transfer you over PayPal's secure servers.
          </span>
        </p>
      </div>
      <div
        className="form-group"
      >
        <label
          className=""
          htmlFor="cardholdername"
        >
          <span>
            Cardholder name
          </span>
        </label>
        <input
          className="form-control"
          id="cardholdername"
          name="cardholdername"
          placeholder="Enter name"
          type="text"
        />
      </div>
      <div
        className="form-group"
      >
        <label
          className=""
          htmlFor="cardnumber"
        >
          <span>
            Card Number
          </span>
        </label>
        <input
          className="form-control"
          id="cardnumber"
          name="cardnumber"
          placeholder="Enter number"
          type="text"
        />
      </div>
      <div
        className="form-group"
      >
        <label
          className=""
          htmlFor="cvc"
        >
          <span>
            MM / YY CVC
          </span>
        </label>
        <input
          className="form-control"
          id="cvc"
          name="cvc"
          placeholder="mm - yy - CVC"
          type="text"
        />
      </div>
      <div
        className="form-check"
      >
        <label
          className="check_label form-check-label"
        >
          <input
            className="form-check-input"
            type="checkbox"
          />
          <span>
            Remember this card
          </span>
        </label>
      </div>
      <div
        className="summary"
      >
        <h4>
          <span>
            Summary
          </span>
        </h4>
        <ul
          clasName="list"
        >
          <li>
            <p>
              <span>
                Original Price:
              </span>
            </p>
            <p>
              $94.99
            </p>
          </li>
          <li>
            <p>
              <span>
                Coupon Discounts:
              </span>
            </p>
            <p>
              -$74.00
            </p>
          </li>
          <li>
            <p>
              <span>
                Total:
              </span>
            </p>
            <h4>
              $20.99
            </h4>
          </li>
        </ul>
      </div>
      <div
        className="term_service"
      >
        <p>
          <span>
            By completing your purchase you agree to these
          </span>
           
          <a
            href="/"
            onClick={[Function]}
          >
            <span>
              Terms of Service.
            </span>
          </a>
        </p>
      </div>
      <button
        aria-label={null}
        className="btn btn-secondary"
        onClick={[Function]}
      >
        <span>
          Pay
        </span>
         $20.00
      </button>
      <div
        className="secure_payment"
      >
        <svg
          fill="currentColor"
          height="1em"
          stroke="currentColor"
          strokeWidth="0"
          style={
            Object {
              "color": undefined,
            }
          }
          viewBox="0 0 512 512"
          width="1em"
          xmlns="http://www.w3.org/2000/svg"
        >
          <path
            d="M376 186h-20v-40c0-55-45-100-100-100S156 91 156 146v40h-20c-22.002 0-40 17.998-40 40v200c0 22.002 17.998 40 40 40h240c22.002 0 40-17.998 40-40V226c0-22.002-17.998-40-40-40zM256 368c-22.002 0-40-17.998-40-40s17.998-40 40-40 40 17.998 40 40-17.998 40-40 40zm62.002-182H193.998v-40c0-34.004 28.003-62.002 62.002-62.002 34.004 0 62.002 27.998 62.002 62.002v40z"
          />
        </svg>
        <p>
          <span>
            Payments are secure and encrypted
          </span>
        </p>
      </div>
    </div>
  </div>
</div>
`;
