// Jest Snapshot v1, https://goo.gl/fbAQLP

exports[`EmailVerificationPage /> should render its heading 1`] = `
<div
  class="verification_page"
>
  <div
    class="container-xl"
  >
    <div
      class="row"
    >
      <div
        class="col-lg-12"
      >
        <div
          class="verification-main"
        >
          <div
            class="email-verification"
          >
            <div
              class="verify_icon"
            >
              <svg
                fill="currentColor"
                height="1em"
                stroke="currentColor"
                stroke-width="0"
                viewBox="0 0 24 24"
                width="1em"
                xmlns="http://www.w3.org/2000/svg"
              >
                <path
                  d="M20 4H4c-1.1 0-1.99.9-1.99 2L2 18c0 1.1.9 2 2 2h16c1.1 0 2-.9 2-2V6c0-1.1-.9-2-2-2zm0 4l-8 5-8-5V6l8 5 8-5v2z"
                />
              </svg>
            </div>
            <h2>
              <span>
                Welcome to FinLit
              </span>
            </h2>
            <p>
              <span>
                Confirmation email has been sent.
    Please verify your account
              </span>
            </p>
            <a
              class="verification-button"
              target="_blank"
              to="/login"
            >
              Go to Email
            </a>
          </div>
        </div>
      </div>
    </div>
  </div>
</div>
`;
