// Jest Snapshot v1, https://goo.gl/fbAQLP

exports[`<WebinarsList /> should render and match the snapshot 1`] = `
<div
  className="Wrapper-sc-1qjmixx-0 kQuQCb"
>
  <div
    className="courses_list"
  >
    <div
      className="single_course"
    >
      <div
        className="course_img"
      >
        <img
          alt="Course"
          src="IMAGE_MOCK"
        />
      </div>
      <div
        className="course_info"
      >
        <div
          className="course_short_info"
        >
          <div
            className="course_desc"
          >
            <h5>
              <span>
                Lorem ipsum vitea eros dictum, gravida massa id, pellentesque est.
              </span>
            </h5>
            <p>
              <span>
                Lorem ipsum vitea eros dictum, gravida massa id, pellentesque est.
              </span>
            </p>
          </div>
          <div
            className="course_price"
          >
            <h5>
              <span>
                $50.00
              </span>
            </h5>
            <del>
              <span>
                $150.00
              </span>
            </del>
          </div>
        </div>
        <div
          className="course_outcomes"
        >
          <div
            className="date_time"
          >
            <div
              className="time-box"
            >
              <svg
                fill="currentColor"
                height="1em"
                stroke="currentColor"
                strokeWidth="0"
                style={
                  Object {
                    "color": undefined,
                  }
                }
                viewBox="0 0 24 24"
                width="1em"
                xmlns="http://www.w3.org/2000/svg"
              >
                <path
                  d="M12,2C6.486,2,2,6.486,2,12s4.486,10,10,10s10-4.486,10-10S17.514,2,12,2z M12,20c-4.411,0-8-3.589-8-8s3.589-8,8-8 s8,3.589,8,8S16.411,20,12,20z"
                />
                <path
                  d="M13 7L11 7 11 12.414 14.293 15.707 15.707 14.293 13 11.586z"
                />
              </svg>
              <div
                className="time-text"
              >
                <span>
                  Timings
                </span>
              </div>
               
              <div
                className="hours"
              >
                <span>
                  10:00 pm - 12:00 pm
                </span>
              </div>
            </div>
            <div
              className="date_level"
            >
              <p>
                <svg
                  fill="currentColor"
                  height="1em"
                  stroke="currentColor"
                  strokeWidth="0"
                  style={
                    Object {
                      "color": undefined,
                    }
                  }
                  viewBox="0 0 1024 1024"
                  width="1em"
                  xmlns="http://www.w3.org/2000/svg"
                >
                  <path
                    d="M880 184H712v-64c0-4.4-3.6-8-8-8h-56c-4.4 0-8 3.6-8 8v64H384v-64c0-4.4-3.6-8-8-8h-56c-4.4 0-8 3.6-8 8v64H144c-17.7 0-32 14.3-32 32v664c0 17.7 14.3 32 32 32h736c17.7 0 32-14.3 32-32V216c0-17.7-14.3-32-32-32zm-40 656H184V460h656v380zM184 392V256h128v48c0 4.4 3.6 8 8 8h56c4.4 0 8-3.6 8-8v-48h256v48c0 4.4 3.6 8 8 8h56c4.4 0 8-3.6 8-8v-48h128v136H184z"
                  />
                </svg>
                <span>
                  July 07, 2021
                </span>
              </p>
            </div>
            <div
              className="date_level"
            >
              <p>
                <svg
                  fill="currentColor"
                  height="1em"
                  stroke="currentColor"
                  strokeWidth="0"
                  style={
                    Object {
                      "color": undefined,
                    }
                  }
                  viewBox="0 0 20 20"
                  width="1em"
                  xmlns="http://www.w3.org/2000/svg"
                >
                  <path
                    d="M9 6a3 3 0 11-6 0 3 3 0 016 0zM17 6a3 3 0 11-6 0 3 3 0 016 0zM12.93 17c.046-.327.07-.66.07-1a6.97 6.97 0 00-1.5-4.33A5 5 0 0119 16v1h-6.07zM6 11a5 5 0 015 5v1H1v-1a5 5 0 015-5z"
                  />
                </svg>
                <span>
                  682,292 Attendees
                </span>
              </p>
            </div>
          </div>
        </div>
      </div>
      <div
        className="actions_btn"
      >
        <button
          aria-label={null}
          className="btn btn-secondary"
          onClick={[Function]}
        >
          <svg
            fill="currentColor"
            height="1em"
            stroke="currentColor"
            strokeWidth="0"
            style={
              Object {
                "color": undefined,
              }
            }
            viewBox="0 0 24 24"
            width="1em"
            xmlns="http://www.w3.org/2000/svg"
          >
            <path
              d="M11.9955241,8.33576576 L15.4932862,11.8335278 L11.9955241,8.33576576 Z M17.5365751,7.79609426 C17.9262629,8.18578207 17.9321949,8.81165877 17.5321697,9.21168397 L10.0807224,16.6631313 L6,17.829052 L7.16592069,13.7483296 L14.617368,6.29688224 C15.0094888,5.90476144 15.6393004,5.89881957 16.0329577,6.29247691 L17.5365751,7.79609426 Z"
              fill="none"
              stroke="#000"
              strokeWidth="2"
            />
          </svg>
        </button>
        <button
          aria-label={null}
          className="btn btn-secondary"
          onClick={[Function]}
        >
          <svg
            fill="currentColor"
            height="1em"
            stroke="currentColor"
            strokeWidth="0"
            style={
              Object {
                "color": undefined,
              }
            }
            viewBox="0 0 1024 1024"
            width="1em"
            xmlns="http://www.w3.org/2000/svg"
          >
            <path
              d="M360 184h-8c4.4 0 8-3.6 8-8v8h304v-8c0 4.4 3.6 8 8 8h-8v72h72v-80c0-35.3-28.7-64-64-64H352c-35.3 0-64 28.7-64 64v80h72v-72zm504 72H160c-17.7 0-32 14.3-32 32v32c0 4.4 3.6 8 8 8h60.4l24.7 523c1.6 34.1 29.8 61 63.9 61h454c34.2 0 62.3-26.8 63.9-61l24.7-523H888c4.4 0 8-3.6 8-8v-32c0-17.7-14.3-32-32-32zM731.3 840H292.7l-24.2-512h487l-24.2 512z"
            />
          </svg>
        </button>
      </div>
    </div>
    <div
      className="single_course"
    >
      <div
        className="course_img"
      >
        <img
          alt="Course"
          src="IMAGE_MOCK"
        />
      </div>
      <div
        className="course_info"
      >
        <div
          className="course_short_info"
        >
          <div
            className="course_desc"
          >
            <h5>
              <span>
                Lorem ipsum vitea eros dictum, gravida massa id, pellentesque est.
              </span>
            </h5>
            <p>
              <span>
                Lorem ipsum vitea eros dictum, gravida massa id, pellentesque est.
              </span>
            </p>
          </div>
          <div
            className="course_price"
          >
            <h5>
              <span>
                $50.00
              </span>
            </h5>
            <del>
              <span>
                $150.00
              </span>
            </del>
          </div>
        </div>
        <div
          className="course_outcomes"
        >
          <div
            className="date_time"
          >
            <div
              className="time-box"
            >
              <svg
                fill="currentColor"
                height="1em"
                stroke="currentColor"
                strokeWidth="0"
                style={
                  Object {
                    "color": undefined,
                  }
                }
                viewBox="0 0 24 24"
                width="1em"
                xmlns="http://www.w3.org/2000/svg"
              >
                <path
                  d="M12,2C6.486,2,2,6.486,2,12s4.486,10,10,10s10-4.486,10-10S17.514,2,12,2z M12,20c-4.411,0-8-3.589-8-8s3.589-8,8-8 s8,3.589,8,8S16.411,20,12,20z"
                />
                <path
                  d="M13 7L11 7 11 12.414 14.293 15.707 15.707 14.293 13 11.586z"
                />
              </svg>
              <div
                className="time-text"
              >
                <span>
                  Timings
                </span>
              </div>
               
              <div
                className="hours"
              >
                <span>
                  10:00 pm - 12:00 pm
                </span>
              </div>
            </div>
            <div
              className="date_level"
            >
              <p>
                <svg
                  fill="currentColor"
                  height="1em"
                  stroke="currentColor"
                  strokeWidth="0"
                  style={
                    Object {
                      "color": undefined,
                    }
                  }
                  viewBox="0 0 1024 1024"
                  width="1em"
                  xmlns="http://www.w3.org/2000/svg"
                >
                  <path
                    d="M880 184H712v-64c0-4.4-3.6-8-8-8h-56c-4.4 0-8 3.6-8 8v64H384v-64c0-4.4-3.6-8-8-8h-56c-4.4 0-8 3.6-8 8v64H144c-17.7 0-32 14.3-32 32v664c0 17.7 14.3 32 32 32h736c17.7 0 32-14.3 32-32V216c0-17.7-14.3-32-32-32zm-40 656H184V460h656v380zM184 392V256h128v48c0 4.4 3.6 8 8 8h56c4.4 0 8-3.6 8-8v-48h256v48c0 4.4 3.6 8 8 8h56c4.4 0 8-3.6 8-8v-48h128v136H184z"
                  />
                </svg>
                <span>
                  July 07, 2021
                </span>
              </p>
            </div>
            <div
              className="date_level"
            >
              <p>
                <svg
                  fill="currentColor"
                  height="1em"
                  stroke="currentColor"
                  strokeWidth="0"
                  style={
                    Object {
                      "color": undefined,
                    }
                  }
                  viewBox="0 0 20 20"
                  width="1em"
                  xmlns="http://www.w3.org/2000/svg"
                >
                  <path
                    d="M9 6a3 3 0 11-6 0 3 3 0 016 0zM17 6a3 3 0 11-6 0 3 3 0 016 0zM12.93 17c.046-.327.07-.66.07-1a6.97 6.97 0 00-1.5-4.33A5 5 0 0119 16v1h-6.07zM6 11a5 5 0 015 5v1H1v-1a5 5 0 015-5z"
                  />
                </svg>
                <span>
                  682,292 Attendees
                </span>
              </p>
            </div>
          </div>
        </div>
      </div>
      <div
        className="actions_btn"
      >
        <button
          aria-label={null}
          className="btn btn-secondary"
          onClick={[Function]}
        >
          <svg
            fill="currentColor"
            height="1em"
            stroke="currentColor"
            strokeWidth="0"
            style={
              Object {
                "color": undefined,
              }
            }
            viewBox="0 0 24 24"
            width="1em"
            xmlns="http://www.w3.org/2000/svg"
          >
            <path
              d="M11.9955241,8.33576576 L15.4932862,11.8335278 L11.9955241,8.33576576 Z M17.5365751,7.79609426 C17.9262629,8.18578207 17.9321949,8.81165877 17.5321697,9.21168397 L10.0807224,16.6631313 L6,17.829052 L7.16592069,13.7483296 L14.617368,6.29688224 C15.0094888,5.90476144 15.6393004,5.89881957 16.0329577,6.29247691 L17.5365751,7.79609426 Z"
              fill="none"
              stroke="#000"
              strokeWidth="2"
            />
          </svg>
        </button>
        <button
          aria-label={null}
          className="btn btn-secondary"
          onClick={[Function]}
        >
          <svg
            fill="currentColor"
            height="1em"
            stroke="currentColor"
            strokeWidth="0"
            style={
              Object {
                "color": undefined,
              }
            }
            viewBox="0 0 1024 1024"
            width="1em"
            xmlns="http://www.w3.org/2000/svg"
          >
            <path
              d="M360 184h-8c4.4 0 8-3.6 8-8v8h304v-8c0 4.4 3.6 8 8 8h-8v72h72v-80c0-35.3-28.7-64-64-64H352c-35.3 0-64 28.7-64 64v80h72v-72zm504 72H160c-17.7 0-32 14.3-32 32v32c0 4.4 3.6 8 8 8h60.4l24.7 523c1.6 34.1 29.8 61 63.9 61h454c34.2 0 62.3-26.8 63.9-61l24.7-523H888c4.4 0 8-3.6 8-8v-32c0-17.7-14.3-32-32-32zM731.3 840H292.7l-24.2-512h487l-24.2 512z"
            />
          </svg>
        </button>
      </div>
    </div>
    <div
      className="single_course"
    >
      <div
        className="course_img"
      >
        <img
          alt="Course"
          src="IMAGE_MOCK"
        />
      </div>
      <div
        className="course_info"
      >
        <div
          className="course_short_info"
        >
          <div
            className="course_desc"
          >
            <h5>
              <span>
                Lorem ipsum vitea eros dictum, gravida massa id, pellentesque est.
              </span>
            </h5>
            <p>
              <span>
                Lorem ipsum vitea eros dictum, gravida massa id, pellentesque est.
              </span>
            </p>
          </div>
          <div
            className="course_price"
          >
            <h5>
              <span>
                $50.00
              </span>
            </h5>
            <del>
              <span>
                $150.00
              </span>
            </del>
          </div>
        </div>
        <div
          className="course_outcomes"
        >
          <div
            className="date_time"
          >
            <div
              className="time-box"
            >
              <svg
                fill="currentColor"
                height="1em"
                stroke="currentColor"
                strokeWidth="0"
                style={
                  Object {
                    "color": undefined,
                  }
                }
                viewBox="0 0 24 24"
                width="1em"
                xmlns="http://www.w3.org/2000/svg"
              >
                <path
                  d="M12,2C6.486,2,2,6.486,2,12s4.486,10,10,10s10-4.486,10-10S17.514,2,12,2z M12,20c-4.411,0-8-3.589-8-8s3.589-8,8-8 s8,3.589,8,8S16.411,20,12,20z"
                />
                <path
                  d="M13 7L11 7 11 12.414 14.293 15.707 15.707 14.293 13 11.586z"
                />
              </svg>
              <div
                className="time-text"
              >
                <span>
                  Timings
                </span>
              </div>
               
              <div
                className="hours"
              >
                <span>
                  10:00 pm - 12:00 pm
                </span>
              </div>
            </div>
            <div
              className="date_level"
            >
              <p>
                <svg
                  fill="currentColor"
                  height="1em"
                  stroke="currentColor"
                  strokeWidth="0"
                  style={
                    Object {
                      "color": undefined,
                    }
                  }
                  viewBox="0 0 1024 1024"
                  width="1em"
                  xmlns="http://www.w3.org/2000/svg"
                >
                  <path
                    d="M880 184H712v-64c0-4.4-3.6-8-8-8h-56c-4.4 0-8 3.6-8 8v64H384v-64c0-4.4-3.6-8-8-8h-56c-4.4 0-8 3.6-8 8v64H144c-17.7 0-32 14.3-32 32v664c0 17.7 14.3 32 32 32h736c17.7 0 32-14.3 32-32V216c0-17.7-14.3-32-32-32zm-40 656H184V460h656v380zM184 392V256h128v48c0 4.4 3.6 8 8 8h56c4.4 0 8-3.6 8-8v-48h256v48c0 4.4 3.6 8 8 8h56c4.4 0 8-3.6 8-8v-48h128v136H184z"
                  />
                </svg>
                <span>
                  July 07, 2021
                </span>
              </p>
            </div>
            <div
              className="date_level"
            >
              <p>
                <svg
                  fill="currentColor"
                  height="1em"
                  stroke="currentColor"
                  strokeWidth="0"
                  style={
                    Object {
                      "color": undefined,
                    }
                  }
                  viewBox="0 0 20 20"
                  width="1em"
                  xmlns="http://www.w3.org/2000/svg"
                >
                  <path
                    d="M9 6a3 3 0 11-6 0 3 3 0 016 0zM17 6a3 3 0 11-6 0 3 3 0 016 0zM12.93 17c.046-.327.07-.66.07-1a6.97 6.97 0 00-1.5-4.33A5 5 0 0119 16v1h-6.07zM6 11a5 5 0 015 5v1H1v-1a5 5 0 015-5z"
                  />
                </svg>
                <span>
                  682,292 Attendees
                </span>
              </p>
            </div>
          </div>
        </div>
      </div>
      <div
        className="actions_btn"
      >
        <button
          aria-label={null}
          className="btn btn-secondary"
          onClick={[Function]}
        >
          <svg
            fill="currentColor"
            height="1em"
            stroke="currentColor"
            strokeWidth="0"
            style={
              Object {
                "color": undefined,
              }
            }
            viewBox="0 0 24 24"
            width="1em"
            xmlns="http://www.w3.org/2000/svg"
          >
            <path
              d="M11.9955241,8.33576576 L15.4932862,11.8335278 L11.9955241,8.33576576 Z M17.5365751,7.79609426 C17.9262629,8.18578207 17.9321949,8.81165877 17.5321697,9.21168397 L10.0807224,16.6631313 L6,17.829052 L7.16592069,13.7483296 L14.617368,6.29688224 C15.0094888,5.90476144 15.6393004,5.89881957 16.0329577,6.29247691 L17.5365751,7.79609426 Z"
              fill="none"
              stroke="#000"
              strokeWidth="2"
            />
          </svg>
        </button>
        <button
          aria-label={null}
          className="btn btn-secondary"
          onClick={[Function]}
        >
          <svg
            fill="currentColor"
            height="1em"
            stroke="currentColor"
            strokeWidth="0"
            style={
              Object {
                "color": undefined,
              }
            }
            viewBox="0 0 1024 1024"
            width="1em"
            xmlns="http://www.w3.org/2000/svg"
          >
            <path
              d="M360 184h-8c4.4 0 8-3.6 8-8v8h304v-8c0 4.4 3.6 8 8 8h-8v72h72v-80c0-35.3-28.7-64-64-64H352c-35.3 0-64 28.7-64 64v80h72v-72zm504 72H160c-17.7 0-32 14.3-32 32v32c0 4.4 3.6 8 8 8h60.4l24.7 523c1.6 34.1 29.8 61 63.9 61h454c34.2 0 62.3-26.8 63.9-61l24.7-523H888c4.4 0 8-3.6 8-8v-32c0-17.7-14.3-32-32-32zM731.3 840H292.7l-24.2-512h487l-24.2 512z"
            />
          </svg>
        </button>
      </div>
    </div>
    <div
      className="single_course"
    >
      <div
        className="course_img"
      >
        <img
          alt="Course"
          src="IMAGE_MOCK"
        />
      </div>
      <div
        className="course_info"
      >
        <div
          className="course_short_info"
        >
          <div
            className="course_desc"
          >
            <h5>
              <span>
                Lorem ipsum vitea eros dictum, gravida massa id, pellentesque est.
              </span>
            </h5>
            <p>
              <span>
                Lorem ipsum vitea eros dictum, gravida massa id, pellentesque est.
              </span>
            </p>
          </div>
          <div
            className="course_price"
          >
            <h5>
              <span>
                $50.00
              </span>
            </h5>
            <del>
              <span>
                $150.00
              </span>
            </del>
          </div>
        </div>
        <div
          className="course_outcomes"
        >
          <div
            className="date_time"
          >
            <div
              className="time-box"
            >
              <svg
                fill="currentColor"
                height="1em"
                stroke="currentColor"
                strokeWidth="0"
                style={
                  Object {
                    "color": undefined,
                  }
                }
                viewBox="0 0 24 24"
                width="1em"
                xmlns="http://www.w3.org/2000/svg"
              >
                <path
                  d="M12,2C6.486,2,2,6.486,2,12s4.486,10,10,10s10-4.486,10-10S17.514,2,12,2z M12,20c-4.411,0-8-3.589-8-8s3.589-8,8-8 s8,3.589,8,8S16.411,20,12,20z"
                />
                <path
                  d="M13 7L11 7 11 12.414 14.293 15.707 15.707 14.293 13 11.586z"
                />
              </svg>
              <div
                className="time-text"
              >
                <span>
                  Timings
                </span>
              </div>
               
              <div
                className="hours"
              >
                <span>
                  10:00 pm - 12:00 pm
                </span>
              </div>
            </div>
            <div
              className="date_level"
            >
              <p>
                <svg
                  fill="currentColor"
                  height="1em"
                  stroke="currentColor"
                  strokeWidth="0"
                  style={
                    Object {
                      "color": undefined,
                    }
                  }
                  viewBox="0 0 1024 1024"
                  width="1em"
                  xmlns="http://www.w3.org/2000/svg"
                >
                  <path
                    d="M880 184H712v-64c0-4.4-3.6-8-8-8h-56c-4.4 0-8 3.6-8 8v64H384v-64c0-4.4-3.6-8-8-8h-56c-4.4 0-8 3.6-8 8v64H144c-17.7 0-32 14.3-32 32v664c0 17.7 14.3 32 32 32h736c17.7 0 32-14.3 32-32V216c0-17.7-14.3-32-32-32zm-40 656H184V460h656v380zM184 392V256h128v48c0 4.4 3.6 8 8 8h56c4.4 0 8-3.6 8-8v-48h256v48c0 4.4 3.6 8 8 8h56c4.4 0 8-3.6 8-8v-48h128v136H184z"
                  />
                </svg>
                <span>
                  July 07, 2021
                </span>
              </p>
            </div>
            <div
              className="date_level"
            >
              <p>
                <svg
                  fill="currentColor"
                  height="1em"
                  stroke="currentColor"
                  strokeWidth="0"
                  style={
                    Object {
                      "color": undefined,
                    }
                  }
                  viewBox="0 0 20 20"
                  width="1em"
                  xmlns="http://www.w3.org/2000/svg"
                >
                  <path
                    d="M9 6a3 3 0 11-6 0 3 3 0 016 0zM17 6a3 3 0 11-6 0 3 3 0 016 0zM12.93 17c.046-.327.07-.66.07-1a6.97 6.97 0 00-1.5-4.33A5 5 0 0119 16v1h-6.07zM6 11a5 5 0 015 5v1H1v-1a5 5 0 015-5z"
                  />
                </svg>
                <span>
                  682,292 Attendees
                </span>
              </p>
            </div>
          </div>
        </div>
      </div>
      <div
        className="actions_btn"
      >
        <button
          aria-label={null}
          className="btn btn-secondary"
          onClick={[Function]}
        >
          <svg
            fill="currentColor"
            height="1em"
            stroke="currentColor"
            strokeWidth="0"
            style={
              Object {
                "color": undefined,
              }
            }
            viewBox="0 0 24 24"
            width="1em"
            xmlns="http://www.w3.org/2000/svg"
          >
            <path
              d="M11.9955241,8.33576576 L15.4932862,11.8335278 L11.9955241,8.33576576 Z M17.5365751,7.79609426 C17.9262629,8.18578207 17.9321949,8.81165877 17.5321697,9.21168397 L10.0807224,16.6631313 L6,17.829052 L7.16592069,13.7483296 L14.617368,6.29688224 C15.0094888,5.90476144 15.6393004,5.89881957 16.0329577,6.29247691 L17.5365751,7.79609426 Z"
              fill="none"
              stroke="#000"
              strokeWidth="2"
            />
          </svg>
        </button>
        <button
          aria-label={null}
          className="btn btn-secondary"
          onClick={[Function]}
        >
          <svg
            fill="currentColor"
            height="1em"
            stroke="currentColor"
            strokeWidth="0"
            style={
              Object {
                "color": undefined,
              }
            }
            viewBox="0 0 1024 1024"
            width="1em"
            xmlns="http://www.w3.org/2000/svg"
          >
            <path
              d="M360 184h-8c4.4 0 8-3.6 8-8v8h304v-8c0 4.4 3.6 8 8 8h-8v72h72v-80c0-35.3-28.7-64-64-64H352c-35.3 0-64 28.7-64 64v80h72v-72zm504 72H160c-17.7 0-32 14.3-32 32v32c0 4.4 3.6 8 8 8h60.4l24.7 523c1.6 34.1 29.8 61 63.9 61h454c34.2 0 62.3-26.8 63.9-61l24.7-523H888c4.4 0 8-3.6 8-8v-32c0-17.7-14.3-32-32-32zM731.3 840H292.7l-24.2-512h487l-24.2 512z"
            />
          </svg>
        </button>
      </div>
    </div>
    <div
      className="single_course"
    >
      <div
        className="course_img"
      >
        <img
          alt="Course"
          src="IMAGE_MOCK"
        />
      </div>
      <div
        className="course_info"
      >
        <div
          className="course_short_info"
        >
          <div
            className="course_desc"
          >
            <h5>
              <span>
                Lorem ipsum vitea eros dictum, gravida massa id, pellentesque est.
              </span>
            </h5>
            <p>
              <span>
                Lorem ipsum vitea eros dictum, gravida massa id, pellentesque est.
              </span>
            </p>
          </div>
          <div
            className="course_price"
          >
            <h5>
              <span>
                $50.00
              </span>
            </h5>
            <del>
              <span>
                $150.00
              </span>
            </del>
          </div>
        </div>
        <div
          className="course_outcomes"
        >
          <div
            className="date_time"
          >
            <div
              className="time-box"
            >
              <svg
                fill="currentColor"
                height="1em"
                stroke="currentColor"
                strokeWidth="0"
                style={
                  Object {
                    "color": undefined,
                  }
                }
                viewBox="0 0 24 24"
                width="1em"
                xmlns="http://www.w3.org/2000/svg"
              >
                <path
                  d="M12,2C6.486,2,2,6.486,2,12s4.486,10,10,10s10-4.486,10-10S17.514,2,12,2z M12,20c-4.411,0-8-3.589-8-8s3.589-8,8-8 s8,3.589,8,8S16.411,20,12,20z"
                />
                <path
                  d="M13 7L11 7 11 12.414 14.293 15.707 15.707 14.293 13 11.586z"
                />
              </svg>
              <div
                className="time-text"
              >
                <span>
                  Timings
                </span>
              </div>
               
              <div
                className="hours"
              >
                <span>
                  10:00 pm - 12:00 pm
                </span>
              </div>
            </div>
            <div
              className="date_level"
            >
              <p>
                <svg
                  fill="currentColor"
                  height="1em"
                  stroke="currentColor"
                  strokeWidth="0"
                  style={
                    Object {
                      "color": undefined,
                    }
                  }
                  viewBox="0 0 1024 1024"
                  width="1em"
                  xmlns="http://www.w3.org/2000/svg"
                >
                  <path
                    d="M880 184H712v-64c0-4.4-3.6-8-8-8h-56c-4.4 0-8 3.6-8 8v64H384v-64c0-4.4-3.6-8-8-8h-56c-4.4 0-8 3.6-8 8v64H144c-17.7 0-32 14.3-32 32v664c0 17.7 14.3 32 32 32h736c17.7 0 32-14.3 32-32V216c0-17.7-14.3-32-32-32zm-40 656H184V460h656v380zM184 392V256h128v48c0 4.4 3.6 8 8 8h56c4.4 0 8-3.6 8-8v-48h256v48c0 4.4 3.6 8 8 8h56c4.4 0 8-3.6 8-8v-48h128v136H184z"
                  />
                </svg>
                <span>
                  July 07, 2021
                </span>
              </p>
            </div>
            <div
              className="date_level"
            >
              <p>
                <svg
                  fill="currentColor"
                  height="1em"
                  stroke="currentColor"
                  strokeWidth="0"
                  style={
                    Object {
                      "color": undefined,
                    }
                  }
                  viewBox="0 0 20 20"
                  width="1em"
                  xmlns="http://www.w3.org/2000/svg"
                >
                  <path
                    d="M9 6a3 3 0 11-6 0 3 3 0 016 0zM17 6a3 3 0 11-6 0 3 3 0 016 0zM12.93 17c.046-.327.07-.66.07-1a6.97 6.97 0 00-1.5-4.33A5 5 0 0119 16v1h-6.07zM6 11a5 5 0 015 5v1H1v-1a5 5 0 015-5z"
                  />
                </svg>
                <span>
                  682,292 Attendees
                </span>
              </p>
            </div>
          </div>
        </div>
      </div>
      <div
        className="actions_btn"
      >
        <button
          aria-label={null}
          className="btn btn-secondary"
          onClick={[Function]}
        >
          <svg
            fill="currentColor"
            height="1em"
            stroke="currentColor"
            strokeWidth="0"
            style={
              Object {
                "color": undefined,
              }
            }
            viewBox="0 0 24 24"
            width="1em"
            xmlns="http://www.w3.org/2000/svg"
          >
            <path
              d="M11.9955241,8.33576576 L15.4932862,11.8335278 L11.9955241,8.33576576 Z M17.5365751,7.79609426 C17.9262629,8.18578207 17.9321949,8.81165877 17.5321697,9.21168397 L10.0807224,16.6631313 L6,17.829052 L7.16592069,13.7483296 L14.617368,6.29688224 C15.0094888,5.90476144 15.6393004,5.89881957 16.0329577,6.29247691 L17.5365751,7.79609426 Z"
              fill="none"
              stroke="#000"
              strokeWidth="2"
            />
          </svg>
        </button>
        <button
          aria-label={null}
          className="btn btn-secondary"
          onClick={[Function]}
        >
          <svg
            fill="currentColor"
            height="1em"
            stroke="currentColor"
            strokeWidth="0"
            style={
              Object {
                "color": undefined,
              }
            }
            viewBox="0 0 1024 1024"
            width="1em"
            xmlns="http://www.w3.org/2000/svg"
          >
            <path
              d="M360 184h-8c4.4 0 8-3.6 8-8v8h304v-8c0 4.4 3.6 8 8 8h-8v72h72v-80c0-35.3-28.7-64-64-64H352c-35.3 0-64 28.7-64 64v80h72v-72zm504 72H160c-17.7 0-32 14.3-32 32v32c0 4.4 3.6 8 8 8h60.4l24.7 523c1.6 34.1 29.8 61 63.9 61h454c34.2 0 62.3-26.8 63.9-61l24.7-523H888c4.4 0 8-3.6 8-8v-32c0-17.7-14.3-32-32-32zM731.3 840H292.7l-24.2-512h487l-24.2 512z"
            />
          </svg>
        </button>
      </div>
    </div>
    <div
      className="single_course"
    >
      <div
        className="course_img"
      >
        <img
          alt="Course"
          src="IMAGE_MOCK"
        />
      </div>
      <div
        className="course_info"
      >
        <div
          className="course_short_info"
        >
          <div
            className="course_desc"
          >
            <h5>
              <span>
                Lorem ipsum vitea eros dictum, gravida massa id, pellentesque est.
              </span>
            </h5>
            <p>
              <span>
                Lorem ipsum vitea eros dictum, gravida massa id, pellentesque est.
              </span>
            </p>
          </div>
          <div
            className="course_price"
          >
            <h5>
              <span>
                $50.00
              </span>
            </h5>
            <del>
              <span>
                $150.00
              </span>
            </del>
          </div>
        </div>
        <div
          className="course_outcomes"
        >
          <div
            className="date_time"
          >
            <div
              className="time-box"
            >
              <svg
                fill="currentColor"
                height="1em"
                stroke="currentColor"
                strokeWidth="0"
                style={
                  Object {
                    "color": undefined,
                  }
                }
                viewBox="0 0 24 24"
                width="1em"
                xmlns="http://www.w3.org/2000/svg"
              >
                <path
                  d="M12,2C6.486,2,2,6.486,2,12s4.486,10,10,10s10-4.486,10-10S17.514,2,12,2z M12,20c-4.411,0-8-3.589-8-8s3.589-8,8-8 s8,3.589,8,8S16.411,20,12,20z"
                />
                <path
                  d="M13 7L11 7 11 12.414 14.293 15.707 15.707 14.293 13 11.586z"
                />
              </svg>
              <div
                className="time-text"
              >
                <span>
                  Timings
                </span>
              </div>
               
              <div
                className="hours"
              >
                <span>
                  10:00 pm - 12:00 pm
                </span>
              </div>
            </div>
            <div
              className="date_level"
            >
              <p>
                <svg
                  fill="currentColor"
                  height="1em"
                  stroke="currentColor"
                  strokeWidth="0"
                  style={
                    Object {
                      "color": undefined,
                    }
                  }
                  viewBox="0 0 1024 1024"
                  width="1em"
                  xmlns="http://www.w3.org/2000/svg"
                >
                  <path
                    d="M880 184H712v-64c0-4.4-3.6-8-8-8h-56c-4.4 0-8 3.6-8 8v64H384v-64c0-4.4-3.6-8-8-8h-56c-4.4 0-8 3.6-8 8v64H144c-17.7 0-32 14.3-32 32v664c0 17.7 14.3 32 32 32h736c17.7 0 32-14.3 32-32V216c0-17.7-14.3-32-32-32zm-40 656H184V460h656v380zM184 392V256h128v48c0 4.4 3.6 8 8 8h56c4.4 0 8-3.6 8-8v-48h256v48c0 4.4 3.6 8 8 8h56c4.4 0 8-3.6 8-8v-48h128v136H184z"
                  />
                </svg>
                <span>
                  July 07, 2021
                </span>
              </p>
            </div>
            <div
              className="date_level"
            >
              <p>
                <svg
                  fill="currentColor"
                  height="1em"
                  stroke="currentColor"
                  strokeWidth="0"
                  style={
                    Object {
                      "color": undefined,
                    }
                  }
                  viewBox="0 0 20 20"
                  width="1em"
                  xmlns="http://www.w3.org/2000/svg"
                >
                  <path
                    d="M9 6a3 3 0 11-6 0 3 3 0 016 0zM17 6a3 3 0 11-6 0 3 3 0 016 0zM12.93 17c.046-.327.07-.66.07-1a6.97 6.97 0 00-1.5-4.33A5 5 0 0119 16v1h-6.07zM6 11a5 5 0 015 5v1H1v-1a5 5 0 015-5z"
                  />
                </svg>
                <span>
                  682,292 Attendees
                </span>
              </p>
            </div>
          </div>
        </div>
      </div>
      <div
        className="actions_btn"
      >
        <button
          aria-label={null}
          className="btn btn-secondary"
          onClick={[Function]}
        >
          <svg
            fill="currentColor"
            height="1em"
            stroke="currentColor"
            strokeWidth="0"
            style={
              Object {
                "color": undefined,
              }
            }
            viewBox="0 0 24 24"
            width="1em"
            xmlns="http://www.w3.org/2000/svg"
          >
            <path
              d="M11.9955241,8.33576576 L15.4932862,11.8335278 L11.9955241,8.33576576 Z M17.5365751,7.79609426 C17.9262629,8.18578207 17.9321949,8.81165877 17.5321697,9.21168397 L10.0807224,16.6631313 L6,17.829052 L7.16592069,13.7483296 L14.617368,6.29688224 C15.0094888,5.90476144 15.6393004,5.89881957 16.0329577,6.29247691 L17.5365751,7.79609426 Z"
              fill="none"
              stroke="#000"
              strokeWidth="2"
            />
          </svg>
        </button>
        <button
          aria-label={null}
          className="btn btn-secondary"
          onClick={[Function]}
        >
          <svg
            fill="currentColor"
            height="1em"
            stroke="currentColor"
            strokeWidth="0"
            style={
              Object {
                "color": undefined,
              }
            }
            viewBox="0 0 1024 1024"
            width="1em"
            xmlns="http://www.w3.org/2000/svg"
          >
            <path
              d="M360 184h-8c4.4 0 8-3.6 8-8v8h304v-8c0 4.4 3.6 8 8 8h-8v72h72v-80c0-35.3-28.7-64-64-64H352c-35.3 0-64 28.7-64 64v80h72v-72zm504 72H160c-17.7 0-32 14.3-32 32v32c0 4.4 3.6 8 8 8h60.4l24.7 523c1.6 34.1 29.8 61 63.9 61h454c34.2 0 62.3-26.8 63.9-61l24.7-523H888c4.4 0 8-3.6 8-8v-32c0-17.7-14.3-32-32-32zM731.3 840H292.7l-24.2-512h487l-24.2 512z"
            />
          </svg>
        </button>
      </div>
    </div>
  </div>
  <div
    className="form_footer"
  >
    <div
      className="bottom_btns"
    >
      <button
        aria-label={null}
        className="btn_save btn btn-secondary"
        onClick={[Function]}
      >
        <span>
          Previous
        </span>
      </button>
      <button
        aria-label={null}
        className="btn_submit btn btn-secondary"
        onClick={[Function]}
      >
        <span>
          Next
        </span>
      </button>
    </div>
  </div>
</div>
`;
