// Jest Snapshot v1, https://goo.gl/fbAQLP

exports[`<Events /> should render and match the snapshot 1`] = `
<div
  className="Wrapper-sc-1t9wbrl-0 cnOZBM"
  id="services"
>
  <div
    className="container-xl"
  >
    <div
      className="row"
    >
      <div
        className="col-lg-12"
      >
        <div
          className="header"
        >
          <h4>
            Recent Events
          </h4>
          <a
            href="/"
            onClick={[Function]}
          >
            View all
          </a>
        </div>
      </div>
    </div>
    <div
      className="row"
    >
      <div
        className="col-12 col-sm-6 col-md-6 col-lg-3"
      >
        <div
          className="single_item"
        >
          <div
            className="event_img"
          >
            <img
              alt="Event"
              src="IMAGE_MOCK"
            />
            <div
              className="title"
            >
              <p>
                Bootcamp
              </p>
            </div>
          </div>
          <div
            className="desc"
          >
            <h5>
              Online Fitness Bootcamp mit Sanda - Mo lunch
            </h5>
            <p>
              Mon, Aug 16, 2021 6:00 PM PKT
            </p>
            <div
              className="posted_by"
            >
              <div
                className="posted_profile"
              >
                <img
                  alt="Publisher"
                  src="IMAGE_MOCK"
                />
              </div>
              <p
                className="posted_title"
              >
                <span>
                  Sandra Zangeri
                </span>
              </p>
            </div>
          </div>
        </div>
      </div>
      <div
        className="col-12 col-sm-6 col-md-6 col-lg-3"
      >
        <div
          className="single_item"
        >
          <div
            className="event_img"
          >
            <img
              alt="Event"
              src="IMAGE_MOCK"
            />
            <div
              className="title"
            >
              <p>
                Bootcamp
              </p>
            </div>
          </div>
          <div
            className="desc"
          >
            <h5>
              Online Fitness Bootcamp mit Sanda - Mo lunch
            </h5>
            <p>
              Mon, Aug 16, 2021 6:00 PM PKT
            </p>
            <div
              className="posted_by"
            >
              <div
                className="posted_profile"
              >
                <img
                  alt="Publisher"
                  src="IMAGE_MOCK"
                />
              </div>
              <p
                className="posted_title"
              >
                <span>
                  Sandra Zangeri
                </span>
              </p>
            </div>
          </div>
        </div>
      </div>
      <div
        className="col-12 col-sm-6 col-md-6 col-lg-3"
      >
        <div
          className="single_item"
        >
          <div
            className="event_img"
          >
            <img
              alt="Event"
              src="IMAGE_MOCK"
            />
            <div
              className="title"
            >
              <p>
                Bootcamp
              </p>
            </div>
          </div>
          <div
            className="desc"
          >
            <h5>
              Online Fitness Bootcamp mit Sanda - Mo lunch
            </h5>
            <p>
              Mon, Aug 16, 2021 6:00 PM PKT
            </p>
            <div
              className="posted_by"
            >
              <div
                className="posted_profile"
              >
                <img
                  alt="Publisher"
                  src="IMAGE_MOCK"
                />
              </div>
              <p
                className="posted_title"
              >
                <span>
                  Sandra Zangeri
                </span>
              </p>
            </div>
          </div>
        </div>
      </div>
      <div
        className="col-12 col-sm-6 col-md-6 col-lg-3"
      >
        <div
          className="single_item"
        >
          <div
            className="event_img"
          >
            <img
              alt="Event"
              src="IMAGE_MOCK"
            />
            <div
              className="title"
            >
              <p>
                Bootcamp
              </p>
            </div>
          </div>
          <div
            className="desc"
          >
            <h5>
              Online Fitness Bootcamp mit Sanda - Mo lunch
            </h5>
            <p>
              Mon, Aug 16, 2021 6:00 PM PKT
            </p>
            <div
              className="register"
            >
              <a
                href="/accredited_education_list"
                onClick={[Function]}
              >
                <span>
                  Register for FREE
                </span>
              </a>
            </div>
          </div>
        </div>
      </div>
    </div>
  </div>
</div>
`;
